// Jest Snapshot v1, https://goo.gl/fbAQLP

exports[`Jest snapshot testing suite Matches DOM Snapshot for App component 1`] = `
<div
  className="App"
>
  <header>
    <a
      aria-current="page"
      className="active"
      href="/"
      onClick={[Function]}
    >
      <h2>
        taste
        <b>
          IT
        </b>
      </h2>
    </a>
    <div
      className="mode-toggle"
    >
      <input
        className="checkbox"
        id="checkbox"
        onChange={[Function]}
        type="checkbox"
      />
      <label
        className="checkbox-label"
        htmlFor="checkbox"
      >
        <img
          alt="sun"
          className="sun"
          src="sun.png"
        />
        <img
          alt="moon"
          className="moon"
          src="moon.png"
        />
        <span
          className="ball"
        />
      </label>
    </div>
    <nav>
      <ul>
        <li>
          <a
            aria-current="page"
            className="active"
            href="/"
            onClick={[Function]}
          >
            Home
          </a>
        </li>
        <li>
          <a
            className=""
            href="/browserecipes"
            onClick={[Function]}
          >
            Recipes
          </a>
        </li>
        <li>
          <a
            className=""
            href="/add"
            onClick={[Function]}
          >
            Add new recipe
          </a>
        </li>
      </ul>
    </nav>
  </header>
  <main>
    <main>
      <video
        autoPlay={true}
        className="video"
        loop={true}
        muted={true}
      >
        <source
          src="video.mp4"
          type="video/mp4"
        />
      </video>
      <div
        className="intro-container"
      >
        <h1>
          tasteIT
        </h1>
        <h3>
          Travel the world from your kitchen!
        </h3>
        <a
          href="/browserecipes"
          onClick={[Function]}
        >
          <button>
            Browse Recipes
          </button>
        </a>
      </div>
      <div
        className="main-container"
      >
        <div
          className="home-card"
        >
          <h4>
            Browse Recipes
          </h4>
          <p>
            Need some inspiration? Browse here for recipes from around the world.
          </p>
          <a
            href="/browserecipes"
            onClick={[Function]}
          >
            <small>
              All Recipes
            </small>
          </a>
        </div>
        <div
          className="home-card"
        >
          <h4>
            Add Recipes
          </h4>
          <p>
            Wanna add your local favorite into our collection?
          </p>
          <a
            href="/add"
            onClick={[Function]}
          >
            <small>
              Add Recipes
            </small>
          </a>
        </div>
        <div
          className="home-card"
        >
          <h4>
            More about our projects
          </h4>
          <p>
            If you're interested in knowing more about our program visit BCH homepage.
          </p>
          <a
            href="http://bc.fi"
            rel="noreferrer"
            target="_blank"
          >
            <small>
              Business College Helsinki
            </small>
          </a>
        </div>
      </div>
    </main>
  </main>
  <footer>
    <small>
      Â© Made by Jenni at BCH Full Stack Developer program
    </small>
  </footer>
</div>
`;
